[2026-08-02T07:28:53.218Z] GET https://developer.apple.com/design/human-interface-guidelines/voiceover → pending (?ms, ?B)
[2026-08-02T07:28:55.072Z] GET https://www.apple.com/wss/fonts?families=SF+Pro,v3|SF+Mono,v1|SF+Pro+SC,v1|SF+Pro+JP,v1 → pending (?ms, ?B)
[2026-08-02T07:28:55.072Z] GET https://developer.apple.com/tutorials/js/chunk-vendors.a27f3017.js → pending (?ms, ?B)
[2026-08-02T07:28:55.072Z] GET https://developer.apple.com/tutorials/js/chunk-common.639dbf99.js → pending (?ms, ?B)
[2026-08-02T07:28:55.073Z] GET https://developer.apple.com/tutorials/js/index.10807d2f.js → pending (?ms, ?B)
[2026-08-02T07:28:55.073Z] GET https://developer.apple.com/tutorials/css/chunk-vendors.e84e4a47.css → pending (?ms, ?B)
[2026-08-02T07:28:55.073Z] GET https://developer.apple.com/tutorials/css/index.6a972d82.css → pending (?ms, ?B)
[2026-08-02T07:28:55.073Z] GET https://developer.apple.com/tutorials/js/analytics.js → pending (?ms, ?B)
[2026-08-02T07:28:56.401Z] GET https://developer.apple.com/tutorials/css/702.79eae049.css → 200 (218ms, 8936B)
[2026-08-02T07:28:56.401Z] GET https://developer.apple.com/tutorials/js/702.da183421.js → 200 (433ms, 54007B)
[2026-08-02T07:28:56.402Z] GET https://developer.apple.com/tutorials/js/408.989eb60f.js → 200 (349ms, 6340B)
[2026-08-02T07:28:56.402Z] GET https://developer.apple.com/tutorials/js/840.e00488b1.js → 200 (349ms, 5846B)
[2026-08-02T07:28:56.402Z] GET https://developer.apple.com/tutorials/css/27.57c88f46.css → 200 (219ms, 16879B)
[2026-08-02T07:28:56.402Z] GET https://developer.apple.com/tutorials/js/27.c5890a72.js → pending (?ms, ?B)
[2026-08-02T07:28:56.402Z] GET https://developer.apple.com/tutorials/js/905.49e82a9f.js → 200 (705ms, 5177B)
[2026-08-02T07:28:56.402Z] GET https://developer.apple.com/tutorials/css/design.8a82e299.css → 200 (219ms, 2705B)
[2026-08-02T07:28:56.402Z] GET https://developer.apple.com/tutorials/js/design.85a215f8.js → 200 (704ms, 5299B)
[2026-08-02T07:28:56.402Z] GET https://developer.apple.com/tutorials/css/global-head-footer.f93436f5.css → 200 (445ms, 16082B)
[2026-08-02T07:28:56.402Z] GET https://developer.apple.com/tutorials/js/global-head-footer.072e7a09.js → 200 (705ms, 8592B)
[2026-08-02T07:28:56.403Z] GET https://www.apple.com/wss/fonts/SF-Pro-Text/v3/sf-pro-text_regular.woff2 → pending (?ms, ?B)
[2026-08-02T07:28:57.118Z] GET https://developer.apple.com/tutorials/js/26.5ec0611a.js → pending (?ms, ?B)
[2026-08-02T07:28:57.137Z] GET https://developer.apple.com/tutorials/img/apple-developer-brandmark.91c4ebcc.svg → pending (?ms, ?B)
[2026-08-02T07:28:57.137Z] GET https://developer.apple.com/tutorials/img/apple-logo.8039b549.svg → pending (?ms, ?B)
[2026-08-02T07:28:57.137Z] GET https://developer.apple.com/tutorials/img/breadcrumb-arrow-light.4a42687a.svg → pending (?ms, ?B)
[2026-08-02T07:28:57.137Z] GET https://www.apple.com/wss/fonts/SF-Pro-Text/v3/sf-pro-text_semibold.woff2 → pending (?ms, ?B)
[2026-08-02T07:28:57.137Z] GET https://www.apple.com/wss/fonts/SF-Pro-Display/v3/sf-pro-display_semibold.woff2 → pending (?ms, ?B)
[2026-08-02T07:28:57.260Z] GET https://developer.apple.com/tutorials/data/design/human-interface-guidelines/voiceover.json → 200 (961ms, ?B)
[2026-08-02T07:28:57.632Z] GET https://developer.apple.com/tutorials/js/194.f04a124b.js → 200 (347ms, 5346B)
[2026-08-02T07:28:57.981Z] GET https://developer.apple.com/services-session/v1/info → pending (?ms, ?B)
[2026-08-02T07:28:58.409Z] GET https://developer.apple.com/tutorials/data/index/design--human-interface-guidelines → 200 (169ms, 9468B)
[2026-08-02T07:28:58.410Z] GET https://developer.apple.com/tutorials/js/870.68f731cb.js → 200 (402ms, 3228B)
[2026-08-02T07:28:58.410Z] GET https://developer.apple.com/tutorials/img/device-iPhone16-top-half.d14b9cae.png → 200 (192ms, 16565B)
[2026-08-02T07:28:58.410Z] GET https://www.apple.com/wss/fonts/SF-Pro-Display/v3/sf-pro-display_bold.woff2 → 200 (271ms, 128921B)
[2026-08-02T07:28:58.410Z] GET https://www.apple.com/wss/fonts/SF-Pro-Display/v3/sf-pro-display_regular.woff2 → 200 (357ms, 117927B)
[2026-08-02T07:28:58.410Z] GET https://www.apple.com/wss/fonts/SF-Mono/v1/sf-mono_regular.woff → 200 (395ms, 156739B)
[2026-08-02T07:28:58.410Z] GET https://www.apple.com/wss/fonts/SF-Pro-Text/v3/sf-pro-text_regular-italic.woff2 → 200 (417ms, 89284B)
[2026-08-02T07:28:58.410Z] GET https://securemetrics.apple.com/b/ss/awdappledeveloper/1/JS-2.8.2/s82158305957763?AQB=1&ndh=1&pf=1&t=2%2F7%2F2026%2011%3A58%3A58%200%20-270&fid=71AD216C64581E51-23B375E046E37BBA&ce=UTF-8&pageName=voiceover%20%7C%20apple%20developer%20documentation&g=https%3A%2F%2Fdeveloper.apple.com%2Fdesign%2Fhuman-interface-guidelines%2Fvoiceover&cc=USD&ch=www.documentation.developer&server=new%20approach%20legacy&h1=www.documentation.developer&c4=D%3Dg&c5=MacIntel&c6=D%3D%22%3A%20%22%2BpageName&c9=10.15.x&c25=direct%20entry&c48=1&v54=https%3A%2F%2Fdeveloper.apple.com%2Fdesign%2Fhuman-interface-guidelines%2Fvoiceover&s=1280x720&c=24&j=1.6&v=N&k=Y&bw=1280&bh=720&AQE=1 → pending (?ms, ?B)
[2026-08-02T07:28:58.413Z] GET https://docs-assets.developer.apple.com/published/477ffccb67999218b412ec3b1466e58d/technologies-VoiceOver-intro%402x.png → pending (?ms, ?B)
[2026-08-02T07:28:58.413Z] GET https://docs-assets.developer.apple.com/published/137c967eb58692e6bda3b30319a08c13/voiceover-incorrect-grouping%402x.png → pending (?ms, ?B)
[2026-08-02T07:28:58.413Z] GET https://docs-assets.developer.apple.com/published/209f6f0fc8ad99d9bf59e12d82d06584/crossout%402x.png → pending (?ms, ?B)
[2026-08-02T07:28:58.413Z] GET https://docs-assets.developer.apple.com/published/215a659e4e05cb8569f67829e5dc9add/voiceover-correct-grouping%402x.png → pending (?ms, ?B)
[2026-08-02T07:28:58.413Z] GET https://docs-assets.developer.apple.com/published/88662da92338267bb64cd2275c84e484/checkmark%402x.png → pending (?ms, ?B)
[2026-08-02T07:28:58.811Z] GET https://docs-assets.developer.apple.com/published/3bdef2196e420f50c41a566422cc1e4c/carplay.svg → pending (?ms, ?B)
[2026-08-02T07:28:58.811Z] GET https://docs-assets.developer.apple.com/published/88dc6f3ae567c1430f225d6707e6602b/maps.svg → pending (?ms, ?B)
[2026-08-02T07:28:58.811Z] GET https://docs-assets.developer.apple.com/published/0fc7417f15cf064f38a83bd30dee77cf/machine-learning.svg → pending (?ms, ?B)
[2026-08-02T07:28:58.811Z] GET https://docs-assets.developer.apple.com/published/702ebb485435bf1f6e6c4e2d43edd423/mac-catalyst.svg → pending (?ms, ?B)
[2026-08-02T07:28:58.811Z] GET https://docs-assets.developer.apple.com/published/25ea28efbe5e8676fd29370fad560f75/live-photos.svg → pending (?ms, ?B)
[2026-08-02T07:28:58.811Z] GET https://docs-assets.developer.apple.com/published/d6e92e5cc61c45c389938daf49834a04/in-app-purchase.svg → pending (?ms, ?B)
[2026-08-02T07:28:58.811Z] GET https://docs-assets.developer.apple.com/published/ef6f7770a91b075a14f08932b4ab28a2/imessage-app.svg → pending (?ms, ?B)
[2026-08-02T07:28:58.811Z] GET https://docs-assets.developer.apple.com/published/d06f906d625d003fce04c3f46a88e2a0/id-verifier.svg → pending (?ms, ?B)
[2026-08-02T07:28:58.811Z] GET https://docs-assets.developer.apple.com/published/8ee482d4f70affa6bae663c8d51102d0/icloud.svg → pending (?ms, ?B)
[2026-08-02T07:28:58.811Z] GET https://docs-assets.developer.apple.com/published/73b5b486f329ea3c756fe1016fb5d9b6/homekit.svg → pending (?ms, ?B)
[2026-08-02T07:28:58.811Z] GET https://docs-assets.developer.apple.com/published/1fd95cf0bcefa3ddb3bd937167c4108e/healthkit.svg → pending (?ms, ?B)
[2026-08-02T07:28:58.811Z] GET https://docs-assets.developer.apple.com/published/953d6d049f0943017089f645f030f739/generative-ai.svg → pending (?ms, ?B)
[2026-08-02T07:28:58.811Z] GET https://docs-assets.developer.apple.com/published/1a2766daa7645cc3782710ac0977e6d5/game-center.svg → pending (?ms, ?B)
[2026-08-02T07:28:58.811Z] GET https://docs-assets.developer.apple.com/published/7a3379bd1fb861217bd79abdc0c175b9/carekit.svg → pending (?ms, ?B)
[2026-08-02T07:28:58.811Z] GET https://docs-assets.developer.apple.com/published/88a8c8fdc81e5fc382997c9ec3822eab/augmented-reality.svg → pending (?ms, ?B)
[2026-08-02T07:28:58.812Z] GET https://docs-assets.developer.apple.com/published/fe96765a9ec7f01392fa7bc9938ae12b/apple-pay.svg → pending (?ms, ?B)
[2026-08-02T07:28:58.812Z] GET https://docs-assets.developer.apple.com/published/ed35a8d690d9aa594ec108f4b000ba3e/app-clips.svg → pending (?ms, ?B)
[2026-08-02T07:28:58.812Z] GET https://docs-assets.developer.apple.com/published/9e23a9dca1bba674ca611a9875a09439/always-on.svg → pending (?ms, ?B)
[2026-08-02T07:28:58.812Z] GET https://docs-assets.developer.apple.com/published/f848bdcfb46c64dd6fcec70cae4620a3/airplay.svg → pending (?ms, ?B)
[2026-08-02T07:28:58.826Z] GET https://docs-assets.developer.apple.com/published/496355b11d40fa2ff98a232f5692a3da/wallet.svg → pending (?ms, ?B)
[2026-08-02T07:28:58.826Z] GET https://docs-assets.developer.apple.com/published/c2e174aba030d1a7de30e3fcb0e06ed7/voiceover.svg → pending (?ms, ?B)
[2026-08-02T07:28:58.826Z] GET https://docs-assets.developer.apple.com/published/8165606b034808bdab7a2eccfc5ba01e/tap-to-pay-on-iphone.svg → pending (?ms, ?B)
[2026-08-02T07:28:58.826Z] GET https://docs-assets.developer.apple.com/published/74dbaaae6d1c20e1e5b236702dae7973/siri.svg → pending (?ms, ?B)
[2026-08-02T07:28:58.826Z] GET https://docs-assets.developer.apple.com/published/e7797e1e1209d2513f62a929deabc4e6/sign-in-with-apple.svg → pending (?ms, ?B)
[2026-08-02T07:28:58.826Z] GET https://docs-assets.developer.apple.com/published/abbb59bae34bcc697e70eb31e1cbf9de/shazamkit.svg → pending (?ms, ?B)
[2026-08-02T07:28:58.826Z] GET https://docs-assets.developer.apple.com/published/2157ce221f6ce83b22b10819d0637fac/shareplay.svg → pending (?ms, ?B)
[2026-08-02T07:28:58.826Z] GET https://docs-assets.developer.apple.com/published/09f442c9edd6adfc7b96ba62343974f5/researchkit.svg → pending (?ms, ?B)
[2026-08-02T07:28:58.826Z] GET https://docs-assets.developer.apple.com/published/cc7b6cfb42f8feb3e386350f0d535688/photo-editing.svg → pending (?ms, ?B)
[2026-08-02T07:28:58.826Z] GET https://docs-assets.developer.apple.com/published/576e343bdc0f0f102a11a0f6253005a3/nfc.svg → pending (?ms, ?B)
[2026-08-02T07:28:59.236Z] GET https://securemetrics.apple.com/b/ss/awdappledeveloper/1/JS-2.8.2/s82158305957763?AQB=1&pccr=true&vidn=353778DDD456DB55-400009D9407F6239&ndh=1&pf=1&t=2%2F7%2F2026%2011%3A58%3A58%200%20-270&fid=71AD216C64581E51-23B375E046E37BBA&ce=UTF-8&pageName=voiceover%20%7C%20apple%20developer%20documentation&g=https%3A%2F%2Fdeveloper.apple.com%2Fdesign%2Fhuman-interface-guidelines%2Fvoiceover&cc=USD&ch=www.documentation.developer&server=new%20approach%20legacy&h1=www.documentation.developer&c4=D%3Dg&c5=MacIntel&c6=D%3D%22%3A%20%22%2BpageName&c9=10.15.x&c25=direct%20entry&c48=1&v54=https%3A%2F%2Fdeveloper.apple.com%2Fdesign%2Fhuman-interface-guidelines%2Fvoiceover&s=1280x720&c=24&j=1.6&v=N&k=Y&bw=1280&bh=720&AQE=1 → 200 (178ms, 584B)
[2026-08-02T07:29:03.605Z] GET https://developer.apple.com/design/human-interface-guidelines/split-views → pending (?ms, ?B)
[2026-08-02T07:29:04.762Z] GET https://www.apple.com/wss/fonts?families=SF+Pro,v3|SF+Mono,v1|SF+Pro+SC,v1|SF+Pro+JP,v1 → 200 (?ms, -1130B)
[2026-08-02T07:29:04.762Z] GET https://developer.apple.com/tutorials/js/chunk-vendors.a27f3017.js → 200 (1ms, -1103B)
[2026-08-02T07:29:04.763Z] GET https://developer.apple.com/tutorials/js/chunk-common.639dbf99.js → 200 (?ms, -1102B)
[2026-08-02T07:29:04.763Z] GET https://developer.apple.com/tutorials/js/index.10807d2f.js → 200 (1ms, -1101B)
[2026-08-02T07:29:04.764Z] GET https://developer.apple.com/tutorials/css/chunk-vendors.e84e4a47.css → 200 (?ms, -1088B)
[2026-08-02T07:29:04.764Z] GET https://developer.apple.com/tutorials/css/index.6a972d82.css → 200 (?ms, -1087B)
[2026-08-02T07:29:04.764Z] GET https://developer.apple.com/tutorials/js/analytics.js → 200 (1ms, -1091B)
[2026-08-02T07:29:04.768Z] GET https://www.apple.com/wss/fonts/SF-Pro-Display/v3/sf-pro-display_regular.woff2 → 200 (1ms, -1182B)
[2026-08-02T07:29:04.769Z] GET https://www.apple.com/wss/fonts/SF-Pro-Display/v3/sf-pro-display_semibold.woff2 → 200 (?ms, -1181B)
[2026-08-02T07:29:04.769Z] GET https://www.apple.com/wss/fonts/SF-Pro-Display/v3/sf-pro-display_bold.woff2 → 200 (?ms, -1319B)
[2026-08-02T07:29:04.769Z] GET https://www.apple.com/wss/fonts/SF-Pro-Text/v3/sf-pro-text_regular.woff2 → 200 (?ms, -1182B)
[2026-08-02T07:29:04.769Z] GET https://www.apple.com/wss/fonts/SF-Pro-Text/v3/sf-pro-text_regular-italic.woff2 → 200 (1ms, -1181B)
[2026-08-02T07:29:04.770Z] GET https://www.apple.com/wss/fonts/SF-Pro-Text/v3/sf-pro-text_semibold.woff2 → 200 (?ms, -1181B)
[2026-08-02T07:29:04.770Z] GET https://www.apple.com/wss/fonts/SF-Mono/v1/sf-mono_regular.woff → 200 (?ms, -1180B)
[2026-08-02T07:29:04.777Z] GET https://developer.apple.com/tutorials/css/702.79eae049.css → 200 (?ms, -1087B)
[2026-08-02T07:29:04.777Z] GET https://developer.apple.com/tutorials/js/702.da183421.js → 200 (?ms, -1103B)
[2026-08-02T07:29:04.777Z] GET https://developer.apple.com/tutorials/js/408.989eb60f.js → 200 (?ms, -1099B)
[2026-08-02T07:29:04.778Z] GET https://developer.apple.com/tutorials/js/840.e00488b1.js → 200 (?ms, -1102B)
[2026-08-02T07:29:04.778Z] GET https://developer.apple.com/tutorials/css/27.57c88f46.css → 200 (?ms, -1089B)
[2026-08-02T07:29:04.778Z] GET https://developer.apple.com/tutorials/js/27.c5890a72.js → 200 (?ms, -1103B)
[2026-08-02T07:29:04.779Z] GET https://developer.apple.com/tutorials/js/905.49e82a9f.js → 200 (?ms, -1101B)
[2026-08-02T07:29:04.779Z] GET https://developer.apple.com/tutorials/css/design.8a82e299.css → 200 (?ms, -1087B)
[2026-08-02T07:29:04.779Z] GET https://developer.apple.com/tutorials/js/design.85a215f8.js → 200 (?ms, -1101B)
[2026-08-02T07:29:04.779Z] GET https://developer.apple.com/tutorials/css/global-head-footer.f93436f5.css → 200 (1ms, -1087B)
[2026-08-02T07:29:04.780Z] GET https://developer.apple.com/tutorials/js/global-head-footer.072e7a09.js → 200 (?ms, -1102B)
[2026-08-02T07:29:04.784Z] GET https://developer.apple.com/tutorials/data/design/human-interface-guidelines/split-views.json → pending (?ms, ?B)
[2026-08-02T07:29:04.789Z] GET https://developer.apple.com/tutorials/js/26.5ec0611a.js → 200 (?ms, -1101B)
[2026-08-02T07:29:04.794Z] GET https://developer.apple.com/tutorials/img/apple-developer-brandmark.91c4ebcc.svg → 200 (?ms, -1076B)
[2026-08-02T07:29:04.795Z] GET https://developer.apple.com/tutorials/img/apple-logo.8039b549.svg → 200 (?ms, -1051B)
[2026-08-02T07:29:04.795Z] GET https://developer.apple.com/tutorials/img/breadcrumb-arrow-light.4a42687a.svg → 200 (?ms, -1049B)
[2026-08-02T07:29:04.796Z] GET https://developer.apple.com/tutorials/js/194.f04a124b.js → 200 (?ms, -1101B)
[2026-08-02T07:29:04.796Z] GET https://developer.apple.com/services-session/v1/info → pending (?ms, ?B)
[2026-08-02T07:29:05.936Z] GET https://developer.apple.com/tutorials/data/index/design--human-interface-guidelines → 200 (3ms, -992B)
[2026-08-02T07:29:05.936Z] GET https://developer.apple.com/tutorials/js/870.68f731cb.js → 200 (?ms, -1101B)
[2026-08-02T07:29:05.936Z] GET https://developer.apple.com/tutorials/img/device-watchSeries10-46.9cf6fd97.png → 200 (214ms, ?B)
[2026-08-02T07:29:05.936Z] GET https://securemetrics.apple.com/b/ss/awdappledeveloper/1/JS-2.8.2/s83148876959528?AQB=1&ndh=1&pf=1&t=2%2F7%2F2026%2011%3A59%3A5%200%20-270&fid=71AD216C64581E51-23B375E046E37BBA&ce=UTF-8&pageName=split%20views%20%7C%20apple%20developer%20documentation&g=https%3A%2F%2Fdeveloper.apple.com%2Fdesign%2Fhuman-interface-guidelines%2Fsplit-views&cc=USD&ch=www.documentation.developer&server=new%20approach%20legacy&h1=www.documentation.developer&c4=D%3Dg&c5=MacIntel&c6=D%3D%22%3A%20%22%2BpageName&c9=10.15.x&c25=direct%20entry&c48=2&v54=https%3A%2F%2Fdeveloper.apple.com%2Fdesign%2Fhuman-interface-guidelines%2Fsplit-views&s=1280x720&c=24&j=1.6&v=N&k=Y&bw=1280&bh=720&AQE=1 → 200 (162ms, 584B)
[2026-08-02T07:29:05.937Z] GET https://docs-assets.developer.apple.com/published/9c4c45947bfbbf875b20f5d2b3f43564/components-split-view-intro%402x.png → pending (?ms, ?B)
[2026-08-02T07:29:05.938Z] GET https://docs-assets.developer.apple.com/published/8c23f101a012db47a8e2350e50432617/vertical-split-view%402x.png → pending (?ms, ?B)
[2026-08-02T07:29:05.964Z] GET https://docs-assets.developer.apple.com/published/3d1cd2ad10b834153a64d32b7692177c/system.svg → pending (?ms, ?B)
[2026-08-02T07:29:05.964Z] GET https://docs-assets.developer.apple.com/published/36102a182c11ce4e60c34205b85609aa/status.svg → pending (?ms, ?B)
[2026-08-02T07:29:05.964Z] GET https://docs-assets.developer.apple.com/published/6bfe82fa338513b36059645f70a7baae/selection-and-input.svg → pending (?ms, ?B)
[2026-08-02T07:29:05.965Z] GET https://docs-assets.developer.apple.com/published/9d6c58bc552734e20b577da42f851727/presentation.svg → pending (?ms, ?B)
[2026-08-02T07:29:05.965Z] GET https://docs-assets.developer.apple.com/published/f6d4ee51abadcd1152fb16d669a41ff5/navigation-and-search.svg → pending (?ms, ?B)
[2026-08-02T07:29:05.965Z] GET https://docs-assets.developer.apple.com/published/75ce5d52e57519f2cb4ff43bf947e464/menus-and-actions.svg → pending (?ms, ?B)
[2026-08-02T07:29:05.965Z] GET https://docs-assets.developer.apple.com/published/9c9b21773f065997bd33e2258bcedc6e/layout-and-organization.svg → pending (?ms, ?B)
[2026-08-02T07:29:05.965Z] GET https://docs-assets.developer.apple.com/published/f8287e40b9153ea3bfc47855f3ed090e/content.svg → pending (?ms, ?B)
[2026-08-02T07:29:34.103Z] GET https://developer.apple.com/design/human-interface-guidelines/voiceover → pending (?ms, ?B)
[2026-08-02T07:29:35.331Z] GET https://www.apple.com/wss/fonts?families=SF+Pro,v3|SF+Mono,v1|SF+Pro+SC,v1|SF+Pro+JP,v1 → 200 (?ms, -1130B)
[2026-08-02T07:29:35.332Z] GET https://developer.apple.com/tutorials/js/chunk-vendors.a27f3017.js → 200 (?ms, -1103B)
[2026-08-02T07:29:35.332Z] GET https://developer.apple.com/tutorials/js/chunk-common.639dbf99.js → 200 (?ms, -1102B)
[2026-08-02T07:29:35.332Z] GET https://developer.apple.com/tutorials/js/index.10807d2f.js → 200 (1ms, -1101B)
[2026-08-02T07:29:35.333Z] GET https://developer.apple.com/tutorials/css/chunk-vendors.e84e4a47.css → 200 (?ms, -1088B)
[2026-08-02T07:29:35.333Z] GET https://developer.apple.com/tutorials/css/index.6a972d82.css → 200 (?ms, -1087B)
[2026-08-02T07:29:35.333Z] GET https://developer.apple.com/tutorials/js/analytics.js → 200 (1ms, -1091B)
[2026-08-02T07:29:35.335Z] GET https://www.apple.com/wss/fonts/SF-Pro-Display/v3/sf-pro-display_regular.woff2 → 200 (?ms, -1182B)
[2026-08-02T07:29:35.335Z] GET https://www.apple.com/wss/fonts/SF-Pro-Display/v3/sf-pro-display_semibold.woff2 → 200 (?ms, -1181B)
[2026-08-02T07:29:35.335Z] GET https://www.apple.com/wss/fonts/SF-Pro-Display/v3/sf-pro-display_bold.woff2 → 200 (?ms, -1319B)
[2026-08-02T07:29:35.336Z] GET https://www.apple.com/wss/fonts/SF-Pro-Text/v3/sf-pro-text_regular.woff2 → 200 (?ms, -1182B)
[2026-08-02T07:29:35.336Z] GET https://www.apple.com/wss/fonts/SF-Pro-Text/v3/sf-pro-text_regular-italic.woff2 → 200 (?ms, -1181B)
[2026-08-02T07:29:35.336Z] GET https://www.apple.com/wss/fonts/SF-Pro-Text/v3/sf-pro-text_semibold.woff2 → 200 (?ms, -1181B)
[2026-08-02T07:29:35.336Z] GET https://www.apple.com/wss/fonts/SF-Mono/v1/sf-mono_regular.woff → 200 (?ms, -1180B)
[2026-08-02T07:29:35.345Z] GET https://developer.apple.com/tutorials/css/702.79eae049.css → 200 (?ms, -1087B)
[2026-08-02T07:29:35.346Z] GET https://developer.apple.com/tutorials/js/702.da183421.js → 200 (?ms, -1103B)
[2026-08-02T07:29:35.346Z] GET https://developer.apple.com/tutorials/js/408.989eb60f.js → 200 (?ms, -1099B)
[2026-08-02T07:29:35.346Z] GET https://developer.apple.com/tutorials/js/840.e00488b1.js → 200 (?ms, -1102B)
[2026-08-02T07:29:35.348Z] GET https://developer.apple.com/tutorials/css/27.57c88f46.css → 200 (?ms, -1089B)
[2026-08-02T07:29:35.348Z] GET https://developer.apple.com/tutorials/js/27.c5890a72.js → 200 (?ms, -1103B)
[2026-08-02T07:29:35.349Z] GET https://developer.apple.com/tutorials/js/905.49e82a9f.js → 200 (?ms, -1101B)
[2026-08-02T07:29:35.349Z] GET https://developer.apple.com/tutorials/css/design.8a82e299.css → 200 (?ms, -1087B)
[2026-08-02T07:29:35.349Z] GET https://developer.apple.com/tutorials/js/design.85a215f8.js → 200 (?ms, -1101B)
[2026-08-02T07:29:35.349Z] GET https://developer.apple.com/tutorials/css/global-head-footer.f93436f5.css → 200 (?ms, -1087B)
[2026-08-02T07:29:35.350Z] GET https://developer.apple.com/tutorials/js/global-head-footer.072e7a09.js → 200 (?ms, -1102B)
[2026-08-02T07:29:35.350Z] GET https://developer.apple.com/tutorials/data/design/human-interface-guidelines/voiceover.json → 200 (5ms, -940B)
[2026-08-02T07:29:35.355Z] GET https://developer.apple.com/tutorials/js/26.5ec0611a.js → 200 (?ms, -1101B)
[2026-08-02T07:29:35.360Z] GET https://developer.apple.com/tutorials/img/apple-developer-brandmark.91c4ebcc.svg → 200 (1ms, -1076B)
[2026-08-02T07:29:35.361Z] GET https://developer.apple.com/tutorials/img/apple-logo.8039b549.svg → 200 (?ms, -1051B)
[2026-08-02T07:29:35.361Z] GET https://developer.apple.com/tutorials/img/breadcrumb-arrow-light.4a42687a.svg → 200 (?ms, -1049B)
[2026-08-02T07:29:35.361Z] GET https://developer.apple.com/tutorials/js/194.f04a124b.js → 200 (?ms, -1101B)
[2026-08-02T07:29:35.362Z] GET https://developer.apple.com/services-session/v1/info → 401 (457ms, ?B)
[2026-08-02T07:29:35.382Z] GET https://developer.apple.com/tutorials/data/index/design--human-interface-guidelines → 200 (2ms, -992B)
[2026-08-02T07:29:35.382Z] GET https://developer.apple.com/tutorials/js/870.68f731cb.js → 200 (?ms, -1101B)
[2026-08-02T07:29:35.382Z] GET https://developer.apple.com/tutorials/img/device-iPhone16-top-half.d14b9cae.png → 200 (?ms, -962B)
[2026-08-02T07:29:35.382Z] GET https://securemetrics.apple.com/b/ss/awdappledeveloper/1/JS-2.8.2/s88918987429892?AQB=1&ndh=1&pf=1&t=2%2F7%2F2026%2011%3A59%3A35%200%20-270&fid=71AD216C64581E51-23B375E046E37BBA&ce=UTF-8&pageName=voiceover%20%7C%20apple%20developer%20documentation&g=https%3A%2F%2Fdeveloper.apple.com%2Fdesign%2Fhuman-interface-guidelines%2Fvoiceover&cc=USD&ch=www.documentation.developer&server=new%20approach%20legacy&h1=www.documentation.developer&c4=D%3Dg&c5=MacIntel&c6=D%3D%22%3A%20%22%2BpageName&c9=10.15.x&c25=direct%20entry&c48=3&v54=https%3A%2F%2Fdeveloper.apple.com%2Fdesign%2Fhuman-interface-guidelines%2Fvoiceover&s=1280x720&c=24&j=1.6&v=N&k=Y&bw=1280&bh=720&AQE=1 → 200 (163ms, 584B)
[2026-08-02T07:29:35.383Z] GET https://docs-assets.developer.apple.com/published/477ffccb67999218b412ec3b1466e58d/technologies-VoiceOver-intro%402x.png → 200 (1ms, -733B)
[2026-08-02T07:29:35.383Z] GET https://docs-assets.developer.apple.com/published/137c967eb58692e6bda3b30319a08c13/voiceover-incorrect-grouping%402x.png → 200 (1ms, -712B)
[2026-08-02T07:29:35.384Z] GET https://docs-assets.developer.apple.com/published/209f6f0fc8ad99d9bf59e12d82d06584/crossout%402x.png → 200 (?ms, -716B)
[2026-08-02T07:29:35.384Z] GET https://docs-assets.developer.apple.com/published/215a659e4e05cb8569f67829e5dc9add/voiceover-correct-grouping%402x.png → 200 (21ms, -712B)
[2026-08-02T07:29:35.384Z] GET https://docs-assets.developer.apple.com/published/88662da92338267bb64cd2275c84e484/checkmark%402x.png → 200 (22ms, -716B)
[2026-08-02T07:29:35.408Z] GET https://docs-assets.developer.apple.com/published/3bdef2196e420f50c41a566422cc1e4c/carplay.svg → 200 (3ms, -720B)
[2026-08-02T07:29:35.408Z] GET https://docs-assets.developer.apple.com/published/88dc6f3ae567c1430f225d6707e6602b/maps.svg → 200 (3ms, -740B)
[2026-08-02T07:29:35.409Z] GET https://docs-assets.developer.apple.com/published/0fc7417f15cf064f38a83bd30dee77cf/machine-learning.svg → 200 (3ms, -746B)
[2026-08-02T07:29:35.409Z] GET https://docs-assets.developer.apple.com/published/702ebb485435bf1f6e6c4e2d43edd423/mac-catalyst.svg → 200 (3ms, -720B)
[2026-08-02T07:29:35.409Z] GET https://docs-assets.developer.apple.com/published/25ea28efbe5e8676fd29370fad560f75/live-photos.svg → 200 (3ms, -721B)
[2026-08-02T07:29:35.409Z] GET https://docs-assets.developer.apple.com/published/d6e92e5cc61c45c389938daf49834a04/in-app-purchase.svg → 200 (3ms, -720B)
[2026-08-02T07:29:35.409Z] GET https://docs-assets.developer.apple.com/published/ef6f7770a91b075a14f08932b4ab28a2/imessage-app.svg → 200 (3ms, -752B)
[2026-08-02T07:29:35.409Z] GET https://docs-assets.developer.apple.com/published/d06f906d625d003fce04c3f46a88e2a0/id-verifier.svg → 200 (3ms, -720B)
[2026-08-02T07:29:35.409Z] GET https://docs-assets.developer.apple.com/published/8ee482d4f70affa6bae663c8d51102d0/icloud.svg → 200 (4ms, -720B)
[2026-08-02T07:29:35.409Z] GET https://docs-assets.developer.apple.com/published/73b5b486f329ea3c756fe1016fb5d9b6/homekit.svg → 200 (4ms, -720B)
[2026-08-02T07:29:35.409Z] GET https://docs-assets.developer.apple.com/published/1fd95cf0bcefa3ddb3bd937167c4108e/healthkit.svg → 200 (4ms, -740B)
[2026-08-02T07:29:35.409Z] GET https://docs-assets.developer.apple.com/published/953d6d049f0943017089f645f030f739/generative-ai.svg → 200 (4ms, -720B)
[2026-08-02T07:29:35.409Z] GET https://docs-assets.developer.apple.com/published/1a2766daa7645cc3782710ac0977e6d5/game-center.svg → 200 (4ms, -740B)
[2026-08-02T07:29:35.409Z] GET https://docs-assets.developer.apple.com/published/7a3379bd1fb861217bd79abdc0c175b9/carekit.svg → 200 (5ms, -714B)
[2026-08-02T07:29:35.409Z] GET https://docs-assets.developer.apple.com/published/88a8c8fdc81e5fc382997c9ec3822eab/augmented-reality.svg → 200 (5ms, -740B)
[2026-08-02T07:29:35.410Z] GET https://docs-assets.developer.apple.com/published/fe96765a9ec7f01392fa7bc9938ae12b/apple-pay.svg → 200 (4ms, -720B)
[2026-08-02T07:29:35.411Z] GET https://docs-assets.developer.apple.com/published/ed35a8d690d9aa594ec108f4b000ba3e/app-clips.svg → 200 (3ms, -740B)
[2026-08-02T07:29:35.411Z] GET https://docs-assets.developer.apple.com/published/9e23a9dca1bba674ca611a9875a09439/always-on.svg → 200 (3ms, -720B)
[2026-08-02T07:29:35.411Z] GET https://docs-assets.developer.apple.com/published/f848bdcfb46c64dd6fcec70cae4620a3/airplay.svg → 200 (4ms, -740B)
[2026-08-02T07:29:35.427Z] GET https://docs-assets.developer.apple.com/published/496355b11d40fa2ff98a232f5692a3da/wallet.svg → 200 (1ms, -714B)
[2026-08-02T07:29:35.427Z] GET https://docs-assets.developer.apple.com/published/c2e174aba030d1a7de30e3fcb0e06ed7/voiceover.svg → 200 (1ms, -741B)
[2026-08-02T07:29:35.428Z] GET https://docs-assets.developer.apple.com/published/8165606b034808bdab7a2eccfc5ba01e/tap-to-pay-on-iphone.svg → 200 (?ms, -740B)
[2026-08-02T07:29:35.428Z] GET https://docs-assets.developer.apple.com/published/74dbaaae6d1c20e1e5b236702dae7973/siri.svg → 200 (?ms, -720B)
[2026-08-02T07:29:35.428Z] GET https://docs-assets.developer.apple.com/published/e7797e1e1209d2513f62a929deabc4e6/sign-in-with-apple.svg → 200 (1ms, -746B)
[2026-08-02T07:29:35.428Z] GET https://docs-assets.developer.apple.com/published/abbb59bae34bcc697e70eb31e1cbf9de/shazamkit.svg → 200 (1ms, -740B)
[2026-08-02T07:29:35.428Z] GET https://docs-assets.developer.apple.com/published/2157ce221f6ce83b22b10819d0637fac/shareplay.svg → 200 (1ms, -714B)
[2026-08-02T07:29:35.428Z] GET https://docs-assets.developer.apple.com/published/09f442c9edd6adfc7b96ba62343974f5/researchkit.svg → 200 (1ms, -741B)
[2026-08-02T07:29:35.428Z] GET https://docs-assets.developer.apple.com/published/cc7b6cfb42f8feb3e386350f0d535688/photo-editing.svg → 200 (1ms, -720B)
[2026-08-02T07:29:35.428Z] GET https://docs-assets.developer.apple.com/published/576e343bdc0f0f102a11a0f6253005a3/nfc.svg → 200 (2ms, -740B)
[2026-08-02T07:36:02.902Z] GET https://developer.apple.com/design/human-interface-guidelines/pointing-devices → pending (?ms, ?B)
[2026-08-02T07:36:04.722Z] GET https://www.apple.com/wss/fonts?families=SF+Pro,v3|SF+Mono,v1|SF+Pro+SC,v1|SF+Pro+JP,v1 → 200 (?ms, -1130B)
[2026-08-02T07:36:04.722Z] GET https://developer.apple.com/tutorials/js/chunk-vendors.a27f3017.js → 200 (?ms, -1103B)
[2026-08-02T07:36:04.723Z] GET https://developer.apple.com/tutorials/js/chunk-common.639dbf99.js → 200 (?ms, -1102B)
[2026-08-02T07:36:04.723Z] GET https://developer.apple.com/tutorials/js/index.10807d2f.js → 200 (1ms, -1101B)
[2026-08-02T07:36:04.724Z] GET https://developer.apple.com/tutorials/css/chunk-vendors.e84e4a47.css → 200 (?ms, -1088B)
[2026-08-02T07:36:04.724Z] GET https://developer.apple.com/tutorials/css/index.6a972d82.css → 200 (1ms, -1087B)
[2026-08-02T07:36:04.725Z] GET https://developer.apple.com/tutorials/js/analytics.js → 304 (222ms, ?B)
[2026-08-02T07:36:04.726Z] GET https://www.apple.com/wss/fonts/SF-Pro-Display/v3/sf-pro-display_regular.woff2 → 200 (?ms, -1182B)
[2026-08-02T07:36:04.726Z] GET https://www.apple.com/wss/fonts/SF-Pro-Display/v3/sf-pro-display_semibold.woff2 → 200 (?ms, -1181B)
[2026-08-02T07:36:04.726Z] GET https://www.apple.com/wss/fonts/SF-Pro-Display/v3/sf-pro-display_bold.woff2 → 200 (?ms, -1319B)
[2026-08-02T07:36:04.726Z] GET https://www.apple.com/wss/fonts/SF-Pro-Text/v3/sf-pro-text_regular.woff2 → 200 (?ms, -1182B)
[2026-08-02T07:36:04.726Z] GET https://www.apple.com/wss/fonts/SF-Pro-Text/v3/sf-pro-text_regular-italic.woff2 → 200 (?ms, -1181B)
[2026-08-02T07:36:04.726Z] GET https://www.apple.com/wss/fonts/SF-Pro-Text/v3/sf-pro-text_semibold.woff2 → 200 (?ms, -1181B)
[2026-08-02T07:36:04.727Z] GET https://www.apple.com/wss/fonts/SF-Mono/v1/sf-mono_regular.woff → 200 (?ms, -1180B)
[2026-08-02T07:36:04.964Z] GET https://developer.apple.com/tutorials/css/702.79eae049.css → 200 (1ms, -1087B)
[2026-08-02T07:36:04.965Z] GET https://developer.apple.com/tutorials/js/702.da183421.js → 200 (?ms, -1103B)
[2026-08-02T07:36:04.965Z] GET https://developer.apple.com/tutorials/js/408.989eb60f.js → 200 (?ms, -1099B)
[2026-08-02T07:36:04.965Z] GET https://developer.apple.com/tutorials/js/840.e00488b1.js → 200 (?ms, -1102B)
[2026-08-02T07:36:04.965Z] GET https://developer.apple.com/tutorials/css/27.57c88f46.css → 200 (?ms, -1089B)
[2026-08-02T07:36:04.966Z] GET https://developer.apple.com/tutorials/js/27.c5890a72.js → 200 (?ms, -1103B)
[2026-08-02T07:36:04.967Z] GET https://developer.apple.com/tutorials/js/905.49e82a9f.js → 200 (?ms, -1101B)
[2026-08-02T07:36:04.967Z] GET https://developer.apple.com/tutorials/css/design.8a82e299.css → 200 (?ms, -1087B)
[2026-08-02T07:36:04.967Z] GET https://developer.apple.com/tutorials/js/design.85a215f8.js → 200 (?ms, -1101B)
[2026-08-02T07:36:04.968Z] GET https://developer.apple.com/tutorials/css/global-head-footer.f93436f5.css → 200 (?ms, -1087B)
[2026-08-02T07:36:04.968Z] GET https://developer.apple.com/tutorials/js/global-head-footer.072e7a09.js → 200 (?ms, -1102B)
[2026-08-02T07:36:04.969Z] GET https://developer.apple.com/tutorials/data/design/human-interface-guidelines/pointing-devices.json → 200 (547ms, ?B)
[2026-08-02T07:36:04.974Z] GET https://developer.apple.com/tutorials/js/26.5ec0611a.js → 200 (?ms, -1101B)
[2026-08-02T07:36:04.975Z] GET https://developer.apple.com/tutorials/js/194.f04a124b.js → 200 (?ms, -1101B)
[2026-08-02T07:36:04.979Z] GET https://developer.apple.com/tutorials/img/apple-developer-brandmark.91c4ebcc.svg → 200 (1ms, -1076B)
[2026-08-02T07:36:04.980Z] GET https://developer.apple.com/tutorials/img/apple-logo.8039b549.svg → 200 (?ms, -1051B)
[2026-08-02T07:36:04.980Z] GET https://developer.apple.com/tutorials/img/breadcrumb-arrow-light.4a42687a.svg → 200 (?ms, -1049B)
[2026-08-02T07:36:04.980Z] GET https://developer.apple.com/services-session/v1/info → pending (?ms, ?B)
[2026-08-02T07:36:05.733Z] GET https://developer.apple.com/tutorials/data/index/design--human-interface-guidelines → pending (?ms, ?B)
[2026-08-02T07:36:05.733Z] GET https://docs-assets.developer.apple.com/published/0a0cf89de15ae16f7e034e78f2089474/text-entry-pointer.png → pending (?ms, ?B)
[2026-08-02T07:36:05.733Z] GET https://docs-assets.developer.apple.com/published/e84d416e052b4554a9803c259d6f0c09/highlight-content-effect.png → pending (?ms, ?B)
[2026-08-02T07:36:05.733Z] GET https://docs-assets.developer.apple.com/published/7a31d290b34e74111b9fff74fc2fc222/lift-content-effect-HS.png → pending (?ms, ?B)
[2026-08-02T07:36:05.733Z] GET https://docs-assets.developer.apple.com/published/98a56b4f4f0d09e6200288c52d7650e8/hover-content-effect-calendar-popover.png → pending (?ms, ?B)
[2026-08-02T07:36:05.734Z] GET https://docs-assets.developer.apple.com/published/d2582ba1592f8192b6918f87ce229211/magnetics-clock.png → pending (?ms, ?B)
[2026-08-02T07:36:05.734Z] GET https://docs-assets.developer.apple.com/published/e65b836b86d40a37e0ca7d91cdddd04d/visionos-trackpad-pointer-input%402x.png → pending (?ms, ?B)
[2026-08-02T07:36:05.734Z] GET https://developer.apple.com/tutorials/js/870.68f731cb.js → 200 (?ms, -1101B)
[2026-08-02T07:36:05.734Z] GET https://securemetrics.apple.com/b/ss/awdappledeveloper/1/JS-2.8.2/s83047484266257?AQB=1&ndh=1&pf=1&t=2%2F7%2F2026%2012%3A6%3A5%200%20-270&fid=71AD216C64581E51-23B375E046E37BBA&ce=UTF-8&pageName=pointing%20devices%20%7C%20apple%20developer%20documentation&g=https%3A%2F%2Fdeveloper.apple.com%2Fdesign%2Fhuman-interface-guidelines%2Fpointing-devices&cc=USD&ch=www.documentation.developer&server=new%20approach%20legacy&h1=www.documentation.developer&c4=D%3Dg&c5=MacIntel&c6=D%3D%22%3A%20%22%2BpageName&c9=10.15.x&c14=voiceover%20%7C%20apple%20developer%20documentation&c17=14%3A14&c25=direct%20entry&c28=720&c48=4&v54=https%3A%2F%2Fdeveloper.apple.com%2Fdesign%2Fhuman-interface-guidelines%2Fpointing-devices&s=1280x720&c=24&j=1.6&v=N&k=Y&bw=1280&bh=720&AQE=1 → pending (?ms, ?B)
[2026-08-02T07:36:05.735Z] GET https://docs-assets.developer.apple.com/published/d62ce652f0470403da6dfbad1b1ad2b0/inputs-pointing-devices-intro%402x.png → pending (?ms, ?B)
[2026-08-02T07:36:05.738Z] GET https://docs-assets.developer.apple.com/published/dbfc6cc6007bfadc435c90adfef985d6/text-entry-pointer.mp4 → pending (?ms, ?B)
[2026-08-02T07:36:05.738Z] GET https://docs-assets.developer.apple.com/published/e8d65064cf6933764d896208b933fd6e/highlight-content-effect.mp4 → pending (?ms, ?B)
[2026-08-02T07:36:05.738Z] GET https://docs-assets.developer.apple.com/published/931478e17656db6096029674f6836b45/lift-content-effect-home-screen.mp4 → pending (?ms, ?B)
[2026-08-02T07:36:05.738Z] GET https://docs-assets.developer.apple.com/published/bac5c3731ad2051cf84bb38fe228e610/hover-content-effect-calendar-popover.mp4 → pending (?ms, ?B)
[2026-08-02T07:36:05.739Z] GET https://docs-assets.developer.apple.com/published/865841616e07d5f1cdddb89d8705eeb6/magnetics-clock.mp4 → pending (?ms, ?B)
[2026-08-02T07:36:05.739Z] GET https://docs-assets.developer.apple.com/published/f42f7711433fee409429468edb60f0b8/visionos-trackpad-pointer-input.mp4 → pending (?ms, ?B)
[2026-08-02T07:36:06.809Z] GET https://docs-assets.developer.apple.com/published/8d4d5addb69245781c5edb3c96e060c1/eyes.svg → pending (?ms, ?B)
[2026-08-02T07:36:06.809Z] GET https://docs-assets.developer.apple.com/published/86586b5af11d19cb3b5cd4c2c045d066/remotes.svg → pending (?ms, ?B)
[2026-08-02T07:36:06.809Z] GET https://docs-assets.developer.apple.com/published/b6c61dfaea2cd4215e21d77156bab143/pointing-devices.svg → pending (?ms, ?B)
[2026-08-02T07:36:06.809Z] GET https://docs-assets.developer.apple.com/published/cea20ce920edfa4bc76ab2b216f008c7/nearby-interactions.svg → pending (?ms, ?B)
[2026-08-02T07:36:06.809Z] GET https://docs-assets.developer.apple.com/published/68344ca01f44816d3659ffc57f589420/keyboards.svg → pending (?ms, ?B)
[2026-08-02T07:36:06.809Z] GET https://docs-assets.developer.apple.com/published/6f3a0e598f1144eeea58b0065dc08c55/gyro-and-accelerometer.svg → pending (?ms, ?B)
[2026-08-02T07:36:06.809Z] GET https://docs-assets.developer.apple.com/published/4d4b4978965ca14deb6aba96c11ac2dd/gestures.svg → pending (?ms, ?B)
[2026-08-02T07:36:06.809Z] GET https://docs-assets.developer.apple.com/published/bbdbe9584dcf366e770e2c0cd00257e4/game-controls.svg → pending (?ms, ?B)
[2026-08-02T07:36:06.809Z] GET https://docs-assets.developer.apple.com/published/999ac3c549b19a85d02800f3897e3119/focus-and-selection.svg → pending (?ms, ?B)
[2026-08-02T07:36:06.809Z] GET https://docs-assets.developer.apple.com/published/64c8d1de2b6d1a4c767e59e12874daef/digital-crown.svg → pending (?ms, ?B)
[2026-08-02T07:36:06.809Z] GET https://docs-assets.developer.apple.com/published/8a6c982d1ad996639f7c145386c03fa5/camera-control.svg → pending (?ms, ?B)
[2026-08-02T07:36:06.809Z] GET https://docs-assets.developer.apple.com/published/9fff5d6083b43afa7225143c2f1b22f2/apple-pencil-and-scribble.svg → pending (?ms, ?B)
[2026-08-02T07:36:06.809Z] GET https://docs-assets.developer.apple.com/published/26f4da5818d57504620ceca0b1382666/action-button.svg → pending (?ms, ?B)
